// Jest Snapshot v1, https://goo.gl/fbAQLP

exports[`renders the ModelList Component Correctly 1`] = `
<div>
  <div
    class="container"
  >
    <img
      alt="it's a model"
      class="image"
    />
    <p
      class="modelName"
    >
      Model: 
    </p>
  </div>
</div>
`;
