// Jest Snapshot v1, https://goo.gl/fbAQLP

exports[`renders the CarDetail Component Correctly 1`] = `<div />`;
