// Jest Snapshot v1, https://goo.gl/fbAQLP

exports[`renders the ModelList Component Correctly 1`] = `<div />`;
